    1C
    1UModel: beam     Date: 10-Mar-1998                                 
    1UUSER                                                              
    1UDATE              29.july.2023                                    
    1UTIME              11:05:02                                        
    1UHOST                                                              
    1UPGM               CalculiX                                        
    1UVERSION           Version 2.21                             
    1UCOMPILETIME       Fri Jul 28 17:39:16 CEST 2023                    
    1UDIR                                                               
    1UDBN                                                               
    1UMAT    1EL                                                        
    2C                            81                                     1
 -1         1 0.00000E+00 0.00000E+00 0.00000E+00
 -1         2 1.00000E+00 0.00000E+00 0.00000E+00
 -1         3 1.00000E+00 1.50000E+00 0.00000E+00
 -1         4 0.00000E+00 1.50000E+00 0.00000E+00
 -1         5 0.00000E+00 0.00000E+00 8.00000E+00
 -1         6 1.00000E+00 0.00000E+00 8.00000E+00
 -1         7 1.00000E+00 1.50000E+00 8.00000E+00
 -1         8 0.00000E+00 1.50000E+00 8.00000E+00
 -1        10 5.00000E-01 0.00000E+00 0.00000E+00
 -1        13 1.00000E+00 7.50000E-01 0.00000E+00
 -1        16 5.00000E-01 1.50000E+00 0.00000E+00
 -1        19 0.00000E+00 7.50000E-01 0.00000E+00
 -1        22 5.00000E-01 0.00000E+00 8.00000E+00
 -1        25 1.00000E+00 7.50000E-01 8.00000E+00
 -1        28 5.00000E-01 1.50000E+00 8.00000E+00
 -1        31 0.00000E+00 7.50000E-01 8.00000E+00
 -1        34 1.00000E+00 0.00000E+00 1.00000E+00
 -1        36 1.00000E+00 0.00000E+00 2.00000E+00
 -1        38 1.00000E+00 0.00000E+00 3.00000E+00
 -1        40 1.00000E+00 0.00000E+00 4.00000E+00
 -1        42 1.00000E+00 0.00000E+00 5.00000E+00
 -1        44 1.00000E+00 0.00000E+00 6.00000E+00
 -1        46 1.00000E+00 0.00000E+00 7.00000E+00
 -1        49 0.00000E+00 0.00000E+00 7.00000E+00
 -1        51 0.00000E+00 0.00000E+00 6.00000E+00
 -1        53 0.00000E+00 0.00000E+00 5.00000E+00
 -1        55 0.00000E+00 0.00000E+00 4.00000E+00
 -1        57 0.00000E+00 0.00000E+00 3.00000E+00
 -1        59 0.00000E+00 0.00000E+00 2.00000E+00
 -1        61 0.00000E+00 0.00000E+00 1.00000E+00
 -1        64 1.00000E+00 1.50000E+00 1.00000E+00
 -1        66 1.00000E+00 1.50000E+00 2.00000E+00
 -1        68 1.00000E+00 1.50000E+00 3.00000E+00
 -1        70 1.00000E+00 1.50000E+00 4.00000E+00
 -1        72 1.00000E+00 1.50000E+00 5.00000E+00
 -1        74 1.00000E+00 1.50000E+00 6.00000E+00
 -1        76 1.00000E+00 1.50000E+00 7.00000E+00
 -1        79 0.00000E+00 1.50000E+00 1.00000E+00
 -1        81 0.00000E+00 1.50000E+00 2.00000E+00
 -1        83 0.00000E+00 1.50000E+00 3.00000E+00
 -1        85 0.00000E+00 1.50000E+00 4.00000E+00
 -1        87 0.00000E+00 1.50000E+00 5.00000E+00
 -1        89 0.00000E+00 1.50000E+00 6.00000E+00
 -1        91 0.00000E+00 1.50000E+00 7.00000E+00
 -1        95 5.00000E-01 7.50000E-01 0.00000E+00
 -1       100 5.00000E-01 7.50000E-01 8.00000E+00
 -1       105 5.00000E-01 0.00000E+00 1.00000E+00
 -1       109 5.00000E-01 0.00000E+00 2.00000E+00
 -1       113 5.00000E-01 0.00000E+00 3.00000E+00
 -1       117 5.00000E-01 0.00000E+00 4.00000E+00
 -1       121 5.00000E-01 0.00000E+00 5.00000E+00
 -1       125 5.00000E-01 0.00000E+00 6.00000E+00
 -1       129 5.00000E-01 0.00000E+00 7.00000E+00
 -1       134 1.00000E+00 7.50000E-01 1.00000E+00
 -1       138 1.00000E+00 7.50000E-01 2.00000E+00
 -1       142 1.00000E+00 7.50000E-01 3.00000E+00
 -1       146 1.00000E+00 7.50000E-01 4.00000E+00
 -1       150 1.00000E+00 7.50000E-01 5.00000E+00
 -1       154 1.00000E+00 7.50000E-01 6.00000E+00
 -1       158 1.00000E+00 7.50000E-01 7.00000E+00
 -1       163 5.00000E-01 1.50000E+00 1.00000E+00
 -1       167 5.00000E-01 1.50000E+00 2.00000E+00
 -1       171 5.00000E-01 1.50000E+00 3.00000E+00
 -1       175 5.00000E-01 1.50000E+00 4.00000E+00
 -1       179 5.00000E-01 1.50000E+00 5.00000E+00
 -1       183 5.00000E-01 1.50000E+00 6.00000E+00
 -1       187 5.00000E-01 1.50000E+00 7.00000E+00
 -1       192 0.00000E+00 7.50000E-01 1.00000E+00
 -1       196 0.00000E+00 7.50000E-01 2.00000E+00
 -1       200 0.00000E+00 7.50000E-01 3.00000E+00
 -1       204 0.00000E+00 7.50000E-01 4.00000E+00
 -1       208 0.00000E+00 7.50000E-01 5.00000E+00
 -1       212 0.00000E+00 7.50000E-01 6.00000E+00
 -1       216 0.00000E+00 7.50000E-01 7.00000E+00
 -1       222 5.00000E-01 7.50000E-01 1.00000E+00
 -1       228 5.00000E-01 7.50000E-01 2.00000E+00
 -1       234 5.00000E-01 7.50000E-01 3.00000E+00
 -1       240 5.00000E-01 7.50000E-01 4.00000E+00
 -1       246 5.00000E-01 7.50000E-01 5.00000E+00
 -1       252 5.00000E-01 7.50000E-01 6.00000E+00
 -1       258 5.00000E-01 7.50000E-01 7.00000E+00
 -3
    3C                            32                                     1
 -1         1    1    0    1
 -2         1        10        95        19        61       105       222       192
 -1         2    1    0    1
 -2        10         2        13        95       105        34       134       222
 -1         3    1    0    1
 -2        19        95        16         4       192       222       163        79
 -1         4    1    0    1
 -2        95        13         3        16       222       134        64       163
 -1         5    1    0    1
 -2        61       105       222       192        59       109       228       196
 -1         6    1    0    1
 -2       105        34       134       222       109        36       138       228
 -1         7    1    0    1
 -2       192       222       163        79       196       228       167        81
 -1         8    1    0    1
 -2       222       134        64       163       228       138        66       167
 -1         9    1    0    1
 -2        59       109       228       196        57       113       234       200
 -1        10    1    0    1
 -2       109        36       138       228       113        38       142       234
 -1        11    1    0    1
 -2       196       228       167        81       200       234       171        83
 -1        12    1    0    1
 -2       228       138        66       167       234       142        68       171
 -1        13    1    0    1
 -2        57       113       234       200        55       117       240       204
 -1        14    1    0    1
 -2       113        38       142       234       117        40       146       240
 -1        15    1    0    1
 -2       200       234       171        83       204       240       175        85
 -1        16    1    0    1
 -2       234       142        68       171       240       146        70       175
 -1        17    1    0    1
 -2        55       117       240       204        53       121       246       208
 -1        18    1    0    1
 -2       117        40       146       240       121        42       150       246
 -1        19    1    0    1
 -2       204       240       175        85       208       246       179        87
 -1        20    1    0    1
 -2       240       146        70       175       246       150        72       179
 -1        21    1    0    1
 -2        53       121       246       208        51       125       252       212
 -1        22    1    0    1
 -2       121        42       150       246       125        44       154       252
 -1        23    1    0    1
 -2       208       246       179        87       212       252       183        89
 -1        24    1    0    1
 -2       246       150        72       179       252       154        74       183
 -1        25    1    0    1
 -2        51       125       252       212        49       129       258       216
 -1        26    1    0    1
 -2       125        44       154       252       129        46       158       258
 -1        27    1    0    1
 -2       212       252       183        89       216       258       187        91
 -1        28    1    0    1
 -2       252       154        74       183       258       158        76       187
 -1        29    1    0    1
 -2        49       129       258       216         5        22       100        31
 -1        30    1    0    1
 -2       129        46       158       258        22         6        25       100
 -1        31    1    0    1
 -2       216       258       187        91        31       100        28         8
 -1        32    1    0    1
 -2       258       158        76       187       100        25         7        28
 -3
    1PSTEP                         1           1           1          
  100CL  101 4.78921E-08           1                     1    1           1
 -4  ENER        1    1
 -5  ENER        1    1    0    0
 -1       100 1.86832E-04
 -3
    1PSTEP                         2           2           1          
  100CL  102 9.57843E-08           1                     1    2           1
 -4  ENER        1    1
 -5  ENER        1    1    0    0
 -1       100 2.30532E-03
 -3
    1PSTEP                         3           3           1          
  100CL  103 1.43676E-07           1                     1    3           1
 -4  ENER        1    1
 -5  ENER        1    1    0    0
 -1       100 7.78681E-03
 -3
    1PSTEP                         4           4           1          
  100CL  104 1.91569E-07           1                     1    4           1
 -4  ENER        1    1
 -5  ENER        1    1    0    0
 -1       100 1.49821E-02
 -3
    1PSTEP                         5           5           1          
  100CL  105 2.39461E-07           1                     1    5           1
 -4  ENER        1    1
 -5  ENER        1    1    0    0
 -1       100 2.04678E-02
 -3
    1PSTEP                         6           6           1          
  100CL  106 2.87353E-07           1                     1    6           1
 -4  ENER        1    1
 -5  ENER        1    1    0    0
 -1       100 2.11094E-02
 -3
    1PSTEP                         7           7           1          
  100CL  107 3.35245E-07           1                     1    7           1
 -4  ENER        1    1
 -5  ENER        1    1    0    0
 -1       100 1.77693E-02
 -3
    1PSTEP                         8           8           1          
  100CL  108 3.83137E-07           1                     1    8           1
 -4  ENER        1    1
 -5  ENER        1    1    0    0
 -1       100 1.39859E-02
 -3
    1PSTEP                         9           9           1          
  100CL  109 4.31029E-07           1                     1    9           1
 -4  ENER        1    1
 -5  ENER        1    1    0    0
 -1       100 1.10095E-02
 -3
    1PSTEP                        10          10           1          
  100CL  110 4.78921E-07           1                     1   10           1
 -4  ENER        1    1
 -5  ENER        1    1    0    0
 -1       100 9.17308E-03
 -3
    1PSTEP                        11          11           1          
  100CL  111 5.26814E-07           1                     1   11           1
 -4  ENER        1    1
 -5  ENER        1    1    0    0
 -1       100 9.44552E-03
 -3
    1PSTEP                        12          12           1          
  100CL  112 5.74706E-07           1                     1   12           1
 -4  ENER        1    1
 -5  ENER        1    1    0    0
 -1       100 1.12638E-02
 -3
    1PSTEP                        13          13           1          
  100CL  113 6.22598E-07           1                     1   13           1
 -4  ENER        1    1
 -5  ENER        1    1    0    0
 -1       100 1.29514E-02
 -3
    1PSTEP                        14          14           1          
  100CL  114 6.70490E-07           1                     1   14           1
 -4  ENER        1    1
 -5  ENER        1    1    0    0
 -1       100 1.36405E-02
 -3
    1PSTEP                        15          15           1          
  100CL  115 7.18382E-07           1                     1   15           1
 -4  ENER        1    1
 -5  ENER        1    1    0    0
 -1       100 1.33745E-02
 -3
    1PSTEP                        16          16           1          
  100CL  116 7.66274E-07           1                     1   16           1
 -4  ENER        1    1
 -5  ENER        1    1    0    0
 -1       100 1.23893E-02
 -3
    1PSTEP                        17          17           1          
  100CL  117 8.14166E-07           1                     1   17           1
 -4  ENER        1    1
 -5  ENER        1    1    0    0
 -1       100 1.14359E-02
 -3
    1PSTEP                        18          18           1          
  100CL  118 8.62059E-07           1                     1   18           1
 -4  ENER        1    1
 -5  ENER        1    1    0    0
 -1       100 1.17037E-02
 -3
    1PSTEP                        19          19           1          
  100CL  119 9.09951E-07           1                     1   19           1
 -4  ENER        1    1
 -5  ENER        1    1    0    0
 -1       100 1.28798E-02
 -3
    1PSTEP                        20          20           1          
  100CL  120 9.57843E-07           1                     1   20           1
 -4  ENER        1    1
 -5  ENER        1    1    0    0
 -1       100 1.34471E-02
 -3
    1PSTEP                        21          21           1          
  100CL  121 1.00573E-06           1                     1   21           1
 -4  ENER        1    1
 -5  ENER        1    1    0    0
 -1       100 1.31571E-02
 -3
    1PSTEP                        22          22           1          
  100CL  122 1.05363E-06           1                     1   22           1
 -4  ENER        1    1
 -5  ENER        1    1    0    0
 -1       100 1.28549E-02
 -3
    1PSTEP                        23          23           1          
  100CL  123 1.10152E-06           1                     1   23           1
 -4  ENER        1    1
 -5  ENER        1    1    0    0
 -1       100 1.28451E-02
 -3
    1PSTEP                        24          24           1          
  100CL  124 1.14941E-06           1                     1   24           1
 -4  ENER        1    1
 -5  ENER        1    1    0    0
 -1       100 1.26733E-02
 -3
    1PSTEP                        25          25           1          
  100CL  125 1.19730E-06           1                     1   25           1
 -4  ENER        1    1
 -5  ENER        1    1    0    0
 -1       100 1.20391E-02
 -3
    1PSTEP                        26          26           1          
  100CL  126 1.24520E-06           1                     1   26           1
 -4  ENER        1    1
 -5  ENER        1    1    0    0
 -1       100 1.13249E-02
 -3
    1PSTEP                        27          27           1          
  100CL  127 1.29309E-06           1                     1   27           1
 -4  ENER        1    1
 -5  ENER        1    1    0    0
 -1       100 1.10135E-02
 -3
    1PSTEP                        28          28           1          
  100CL  128 1.34098E-06           1                     1   28           1
 -4  ENER        1    1
 -5  ENER        1    1    0    0
 -1       100 1.11381E-02
 -3
    1PSTEP                        29          29           1          
  100CL  129 1.38887E-06           1                     1   29           1
 -4  ENER        1    1
 -5  ENER        1    1    0    0
 -1       100 1.11961E-02
 -3
    1PSTEP                        30          30           1          
  100CL  130 1.43676E-06           1                     1   30           1
 -4  ENER        1    1
 -5  ENER        1    1    0    0
 -1       100 1.08430E-02
 -3
    1PSTEP                        31          31           1          
  100CL  131 1.48466E-06           1                     1   31           1
 -4  ENER        1    1
 -5  ENER        1    1    0    0
 -1       100 1.08431E-02
 -3
    1PSTEP                        32          32           1          
  100CL  132 1.53255E-06           1                     1   32           1
 -4  ENER        1    1
 -5  ENER        1    1    0    0
 -1       100 1.20158E-02
 -3
    1PSTEP                        33          33           1          
  100CL  133 1.58044E-06           1                     1   33           1
 -4  ENER        1    1
 -5  ENER        1    1    0    0
 -1       100 1.38443E-02
 -3
    1PSTEP                        34          34           1          
  100CL  134 1.62833E-06           1                     1   34           1
 -4  ENER        1    1
 -5  ENER        1    1    0    0
 -1       100 1.52092E-02
 -3
    1PSTEP                        35          35           1          
  100CL  135 1.67622E-06           1                     1   35           1
 -4  ENER        1    1
 -5  ENER        1    1    0    0
 -1       100 1.53516E-02
 -3
    1PSTEP                        36          36           1          
  100CL  136 1.72412E-06           1                     1   36           1
 -4  ENER        1    1
 -5  ENER        1    1    0    0
 -1       100 1.40005E-02
 -3
    1PSTEP                        37          37           1          
  100CL  137 1.77201E-06           1                     1   37           1
 -4  ENER        1    1
 -5  ENER        1    1    0    0
 -1       100 1.16398E-02
 -3
    1PSTEP                        38          38           1          
  100CL  138 1.81990E-06           1                     1   38           1
 -4  ENER        1    1
 -5  ENER        1    1    0    0
 -1       100 9.61636E-03
 -3
    1PSTEP                        39          39           1          
  100CL  139 1.86779E-06           1                     1   39           1
 -4  ENER        1    1
 -5  ENER        1    1    0    0
 -1       100 9.01327E-03
 -3
    1PSTEP                        40          40           1          
  100CL  140 1.91569E-06           1                     1   40           1
 -4  ENER        1    1
 -5  ENER        1    1    0    0
 -1       100 9.60472E-03
 -3
    1PSTEP                        41          41           1          
  100CL  141 1.96358E-06           1                     1   41           1
 -4  ENER        1    1
 -5  ENER        1    1    0    0
 -1       100 1.10210E-02
 -3
    1PSTEP                        42          42           1          
  100CL  142 2.01147E-06           1                     1   42           1
 -4  ENER        1    1
 -5  ENER        1    1    0    0
 -1       100 1.37119E-02
 -3
    1PSTEP                        43          43           1          
  100CL  143 2.05936E-06           1                     1   43           1
 -4  ENER        1    1
 -5  ENER        1    1    0    0
 -1       100 1.75740E-02
 -3
    1PSTEP                        44          44           1          
  100CL  144 2.10725E-06           1                     1   44           1
 -4  ENER        1    1
 -5  ENER        1    1    0    0
 -1       100 2.11327E-02
 -3
    1PSTEP                        45          45           1          
  100CL  145 2.15515E-06           1                     1   45           1
 -4  ENER        1    1
 -5  ENER        1    1    0    0
 -1       100 2.27640E-02
 -3
    1PSTEP                        46          46           1          
  100CL  146 2.20304E-06           1                     1   46           1
 -4  ENER        1    1
 -5  ENER        1    1    0    0
 -1       100 2.22377E-02
 -3
    1PSTEP                        47          47           1          
  100CL  147 2.25093E-06           1                     1   47           1
 -4  ENER        1    1
 -5  ENER        1    1    0    0
 -1       100 2.09724E-02
 -3
    1PSTEP                        48          48           1          
  100CL  148 2.29882E-06           1                     1   48           1
 -4  ENER        1    1
 -5  ENER        1    1    0    0
 -1       100 2.06477E-02
 -3
    1PSTEP                        49          49           1          
  100CL  149 2.34671E-06           1                     1   49           1
 -4  ENER        1    1
 -5  ENER        1    1    0    0
 -1       100 2.16187E-02
 -3
    1PSTEP                        50          50           1          
  100CL  150 2.39461E-06           1                     1   50           1
 -4  ENER        1    1
 -5  ENER        1    1    0    0
 -1       100 2.25826E-02
 -3
    1PSTEP                        51          51           1          
  100CL  151 2.44250E-06           1                     1   51           1
 -4  ENER        1    1
 -5  ENER        1    1    0    0
 -1       100 2.18183E-02
 -3
    1PSTEP                        52          52           1          
  100CL  152 2.49039E-06           1                     1   52           1
 -4  ENER        1    1
 -5  ENER        1    1    0    0
 -1       100 1.89139E-02
 -3
    1PSTEP                        53          53           1          
  100CL  153 2.53828E-06           1                     1   53           1
 -4  ENER        1    1
 -5  ENER        1    1    0    0
 -1       100 1.49419E-02
 -3
    1PSTEP                        54          54           1          
  100CL  154 2.58618E-06           1                     1   54           1
 -4  ENER        1    1
 -5  ENER        1    1    0    0
 -1       100 1.11823E-02
 -3
    1PSTEP                        55          55           1          
  100CL  155 2.63407E-06           1                     1   55           1
 -4  ENER        1    1
 -5  ENER        1    1    0    0
 -1       100 8.17046E-03
 -3
    1PSTEP                        56          56           1          
  100CL  156 2.68196E-06           1                     1   56           1
 -4  ENER        1    1
 -5  ENER        1    1    0    0
 -1       100 5.95554E-03
 -3
    1PSTEP                        57          57           1          
  100CL  157 2.72985E-06           1                     1   57           1
 -4  ENER        1    1
 -5  ENER        1    1    0    0
 -1       100 4.89203E-03
 -3
    1PSTEP                        58          58           1          
  100CL  158 2.77774E-06           1                     1   58           1
 -4  ENER        1    1
 -5  ENER        1    1    0    0
 -1       100 5.39850E-03
 -3
    1PSTEP                        59          59           1          
  100CL  159 2.82564E-06           1                     1   59           1
 -4  ENER        1    1
 -5  ENER        1    1    0    0
 -1       100 7.19911E-03
 -3
    1PSTEP                        60          60           1          
  100CL  160 2.87353E-06           1                     1   60           1
 -4  ENER        1    1
 -5  ENER        1    1    0    0
 -1       100 9.69337E-03
 -3
    1PSTEP                        61          61           1          
  100CL  161 2.92142E-06           1                     1   61           1
 -4  ENER        1    1
 -5  ENER        1    1    0    0
 -1       100 1.26300E-02
 -3
    1PSTEP                        62          62           1          
  100CL  162 2.96931E-06           1                     1   62           1
 -4  ENER        1    1
 -5  ENER        1    1    0    0
 -1       100 1.57792E-02
 -3
    1PSTEP                        63          63           1          
  100CL  163 3.01720E-06           1                     1   63           1
 -4  ENER        1    1
 -5  ENER        1    1    0    0
 -1       100 1.83487E-02
 -3
    1PSTEP                        64          64           1          
  100CL  164 3.06510E-06           1                     1   64           1
 -4  ENER        1    1
 -5  ENER        1    1    0    0
 -1       100 1.94393E-02
 -3
    1PSTEP                        65          65           1          
  100CL  165 3.11299E-06           1                     1   65           1
 -4  ENER        1    1
 -5  ENER        1    1    0    0
 -1       100 1.88259E-02
 -3
    1PSTEP                        66          66           1          
  100CL  166 3.16088E-06           1                     1   66           1
 -4  ENER        1    1
 -5  ENER        1    1    0    0
 -1       100 1.66555E-02
 -3
    1PSTEP                        67          67           1          
  100CL  167 3.20877E-06           1                     1   67           1
 -4  ENER        1    1
 -5  ENER        1    1    0    0
 -1       100 1.32181E-02
 -3
    1PSTEP                        68          68           1          
  100CL  168 3.25667E-06           1                     1   68           1
 -4  ENER        1    1
 -5  ENER        1    1    0    0
 -1       100 9.53154E-03
 -3
    1PSTEP                        69          69           1          
  100CL  169 3.30456E-06           1                     1   69           1
 -4  ENER        1    1
 -5  ENER        1    1    0    0
 -1       100 7.03161E-03
 -3
    1PSTEP                        70          70           1          
  100CL  170 3.35245E-06           1                     1   70           1
 -4  ENER        1    1
 -5  ENER        1    1    0    0
 -1       100 6.42591E-03
 -3
    1PSTEP                        71          71           1          
  100CL  171 3.40034E-06           1                     1   71           1
 -4  ENER        1    1
 -5  ENER        1    1    0    0
 -1       100 7.49981E-03
 -3
    1PSTEP                        72          72           1          
  100CL  172 3.44823E-06           1                     1   72           1
 -4  ENER        1    1
 -5  ENER        1    1    0    0
 -1       100 9.90965E-03
 -3
    1PSTEP                        73          73           1          
  100CL  173 3.49613E-06           1                     1   73           1
 -4  ENER        1    1
 -5  ENER        1    1    0    0
 -1       100 1.33496E-02
 -3
    1PSTEP                        74          74           1          
  100CL  174 3.54402E-06           1                     1   74           1
 -4  ENER        1    1
 -5  ENER        1    1    0    0
 -1       100 1.67867E-02
 -3
    1PSTEP                        75          75           1          
  100CL  175 3.59191E-06           1                     1   75           1
 -4  ENER        1    1
 -5  ENER        1    1    0    0
 -1       100 1.85934E-02
 -3
    1PSTEP                        76          76           1          
  100CL  176 3.63980E-06           1                     1   76           1
 -4  ENER        1    1
 -5  ENER        1    1    0    0
 -1       100 1.78154E-02
 -3
    1PSTEP                        77          77           1          
  100CL  177 3.68769E-06           1                     1   77           1
 -4  ENER        1    1
 -5  ENER        1    1    0    0
 -1       100 1.48362E-02
 -3
    1PSTEP                        78          78           1          
  100CL  178 3.73559E-06           1                     1   78           1
 -4  ENER        1    1
 -5  ENER        1    1    0    0
 -1       100 1.10250E-02
 -3
    1PSTEP                        79          79           1          
  100CL  179 3.78348E-06           1                     1   79           1
 -4  ENER        1    1
 -5  ENER        1    1    0    0
 -1       100 7.86954E-03
 -3
    1PSTEP                        80          80           1          
  100CL  180 3.83137E-06           1                     1   80           1
 -4  ENER        1    1
 -5  ENER        1    1    0    0
 -1       100 6.27364E-03
 -3
    1PSTEP                        81          81           1          
  100CL  181 3.87926E-06           1                     1   81           1
 -4  ENER        1    1
 -5  ENER        1    1    0    0
 -1       100 6.56041E-03
 -3
    1PSTEP                        82          82           1          
  100CL  182 3.92716E-06           1                     1   82           1
 -4  ENER        1    1
 -5  ENER        1    1    0    0
 -1       100 8.51389E-03
 -3
    1PSTEP                        83          83           1          
  100CL  183 3.97505E-06           1                     1   83           1
 -4  ENER        1    1
 -5  ENER        1    1    0    0
 -1       100 1.12128E-02
 -3
    1PSTEP                        84          84           1          
  100CL  184 4.02294E-06           1                     1   84           1
 -4  ENER        1    1
 -5  ENER        1    1    0    0
 -1       100 1.33411E-02
 -3
    1PSTEP                        85          85           1          
  100CL  185 4.07083E-06           1                     1   85           1
 -4  ENER        1    1
 -5  ENER        1    1    0    0
 -1       100 1.39364E-02
 -3
    1PSTEP                        86          86           1          
  100CL  186 4.11872E-06           1                     1   86           1
 -4  ENER        1    1
 -5  ENER        1    1    0    0
 -1       100 1.29668E-02
 -3
    1PSTEP                        87          87           1          
  100CL  187 4.16662E-06           1                     1   87           1
 -4  ENER        1    1
 -5  ENER        1    1    0    0
 -1       100 1.11731E-02
 -3
    1PSTEP                        88          88           1          
  100CL  188 4.21451E-06           1                     1   88           1
 -4  ENER        1    1
 -5  ENER        1    1    0    0
 -1       100 9.29889E-03
 -3
    1PSTEP                        89          89           1          
  100CL  189 4.26240E-06           1                     1   89           1
 -4  ENER        1    1
 -5  ENER        1    1    0    0
 -1       100 7.68500E-03
 -3
    1PSTEP                        90          90           1          
  100CL  190 4.31029E-06           1                     1   90           1
 -4  ENER        1    1
 -5  ENER        1    1    0    0
 -1       100 6.45021E-03
 -3
    1PSTEP                        91          91           1          
  100CL  191 4.35818E-06           1                     1   91           1
 -4  ENER        1    1
 -5  ENER        1    1    0    0
 -1       100 5.58165E-03
 -3
    1PSTEP                        92          92           1          
  100CL  192 4.40608E-06           1                     1   92           1
 -4  ENER        1    1
 -5  ENER        1    1    0    0
 -1       100 4.94126E-03
 -3
    1PSTEP                        93          93           1          
  100CL  193 4.45397E-06           1                     1   93           1
 -4  ENER        1    1
 -5  ENER        1    1    0    0
 -1       100 4.46420E-03
 -3
    1PSTEP                        94          94           1          
  100CL  194 4.50186E-06           1                     1   94           1
 -4  ENER        1    1
 -5  ENER        1    1    0    0
 -1       100 4.24861E-03
 -3
    1PSTEP                        95          95           1          
  100CL  195 4.54975E-06           1                     1   95           1
 -4  ENER        1    1
 -5  ENER        1    1    0    0
 -1       100 4.56529E-03
 -3
    1PSTEP                        96          96           1          
  100CL  196 4.59765E-06           1                     1   96           1
 -4  ENER        1    1
 -5  ENER        1    1    0    0
 -1       100 5.68321E-03
 -3
    1PSTEP                        97          97           1          
  100CL  197 4.64554E-06           1                     1   97           1
 -4  ENER        1    1
 -5  ENER        1    1    0    0
 -1       100 7.23088E-03
 -3
    1PSTEP                        98          98           1          
  100CL  198 4.69343E-06           1                     1   98           1
 -4  ENER        1    1
 -5  ENER        1    1    0    0
 -1       100 8.33870E-03
 -3
    1PSTEP                        99          99           1          
  100CL  199 4.74132E-06           1                     1   99           1
 -4  ENER        1    1
 -5  ENER        1    1    0    0
 -1       100 8.86725E-03
 -3
    1PSTEP                       100         100           1          
  100CL  200 4.78921E-06           1                     1  100           1
 -4  ENER        1    1
 -5  ENER        1    1    0    0
 -1       100 9.56004E-03
 -3
    1PSTEP                       101         101           1          
  100CL  201 4.83711E-06           1                     1  101           1
 -4  ENER        1    1
 -5  ENER        1    1    0    0
 -1       100 1.08975E-02
 -3
    1PSTEP                       102         102           1          
  100CL  202 4.88500E-06           1                     1  102           1
 -4  ENER        1    1
 -5  ENER        1    1    0    0
 -1       100 1.25938E-02
 -3
    1PSTEP                       103         103           1          
  100CL  203 4.93289E-06           1                     1  103           1
 -4  ENER        1    1
 -5  ENER        1    1    0    0
 -1       100 1.41822E-02
 -3
    1PSTEP                       104         104           1          
  100CL  204 4.98078E-06           1                     1  104           1
 -4  ENER        1    1
 -5  ENER        1    1    0    0
 -1       100 1.56915E-02
 -3
    1PSTEP                       105         105           1          
  100CL  205 5.00000E-06           1                     1  105           1
 -4  ENER        1    1
 -5  ENER        1    1    0    0
 -1       100 1.63775E-02
 -3
 9999
